// Jest Snapshot v1, https://goo.gl/fbAQLP

exports[`MainContent renders 1`] = `
<DocumentFragment>
  <div
    class="mainContent"
  >
    <h1>
      Content page
    </h1>
    <button
      type="button"
    >
      SAVE
    </button>
  </div>
</DocumentFragment>
`;
