// Jest Snapshot v1, https://goo.gl/fbAQLP

exports[`404 page Page renders 1`] = `
<DocumentFragment>
  <h1>
    404 not found
  </h1>
</DocumentFragment>
`;
