// Jest Snapshot v1, https://goo.gl/fbAQLP

exports[`Settings page Page renders 1`] = `
<DocumentFragment>
  <div
    class="generalContainer"
  >
    <h1>
      Settings page
    </h1>
  </div>
</DocumentFragment>
`;
